// Jest Snapshot v1, https://goo.gl/fbAQLP

exports[`Componente <Input /> Deve renderizar o componente sem problemas 1`] = `
<div>
  <div
    class="sc-bczRLJ OEsGh"
  >
    <label
      class="sc-dkzDqf hNEPNr"
      for="Input"
    >
      Input
    </label>
    <input
      class="sc-gsnTZi ifYwBn"
      focused="false"
      id="Input"
      type="text"
      value="Teste"
    />
  </div>
  <span
    class="sc-hKMtZM gTAjIp"
  />
</div>
`;
