// Jest Snapshot v1, https://goo.gl/fbAQLP

exports[`Componente <RegisterForm/> Teste de envio de cadastro Deve cadastrar o usuário e apresentar mensagem de sucesso 1`] = `
<div>
  <div
    class="sc-evZas kdknvw"
  >
    <form
      class="sc-jqUVSM jgNWSl"
    >
      <div
        class="sc-papXJ iHWkgh"
      >
        <div
          class="sc-kDDrLX cRFGXq"
        >
          <label
            class="sc-iBkjds hTxmns"
            for="Nome"
          >
            Nome:
          </label>
          <input
            class="sc-gKXOVf gllsEC"
            id="Nome"
            name="Nome"
          />
        </div>
        <div
          class="sc-kDDrLX cRFGXq"
        >
          <label
            class="sc-iBkjds hTxmns"
            for="NumeroRg"
          >
            Numero do RG:
          </label>
          <input
            id="NumeroRg"
            value=""
          />
        </div>
        <div
          class="sc-kDDrLX cRFGXq"
        >
          <label
            class="sc-iBkjds hTxmns"
            for="DataEmissao"
          >
            Data Emissão:
          </label>
          <input
            id="DataEmissao"
            value=""
          />
        </div>
        <div
          class="sc-kDDrLX cRFGXq"
        >
          <label
            class="sc-iBkjds hTxmns"
            for="OrgaoEmissor"
          >
            Orgão Emissor:
          </label>
          <select
            id="OrgaoEmissor"
            name="OrgaoEmissor"
          >
            <option
              value=""
            >
              Selecione
            </option>
            <option
              value="SSP"
            >
              Secretaria de Segurança Pública
            </option>
            <option
              value="PM"
            >
              Polícia Militar
            </option>
            <option
              value="PC"
            >
              Policia Civil
            </option>
            <option
              value="CNT"
            >
              Carteira Nacional de Habilitação
            </option>
            <option
              value="DIC"
            >
              Diretoria de Identificação Civil
            </option>
            <option
              value="CTPS"
            >
              Carteira de Trabaho e Previdência Social
            </option>
            <option
              value="FGTS"
            >
              Fundo de Garantia do Tempo de Serviço
            </option>
            <option
              value="IFP"
            >
              Instituto Félix Pacheco
            </option>
            <option
              value="IPF"
            >
              Instituto Pereira Faustino
            </option>
            <option
              value="IML"
            >
              Instituto Médico-Legal
            </option>
            <option
              value="MTE"
            >
              Ministério do Trabalho e Emprego
            </option>
            <option
              value="MMA"
            >
              Ministério da Marinha
            </option>
            <option
              value="MAE"
            >
              Ministério da Aeronáutica
            </option>
            <option
              value="MEX"
            >
              Ministério do Exército
            </option>
            <option
              value="POF"
            >
              Polícia Federal
            </option>
            <option
              value="POM"
            >
              Polícia Militar
            </option>
            <option
              value="SES"
            >
              Carteira de Estrangeiro
            </option>
            <option
              value="SJS"
            >
              Secretaria da Justiça e Segurança
            </option>
            <option
              value="SJTS"
            >
              Secretaria da Justiça do Trabalho e Segurança
            </option>
            <option
              value="ZZZ"
            >
              Outros (inclusive exterior)
            </option>
          </select>
        </div>
        <div
          class="sc-kDDrLX cRFGXq"
        >
          <label
            class="sc-iBkjds hTxmns"
            for="Genero"
          >
            Gênero:
          </label>
          <select
            id="Genero"
            name="Genero"
          >
            <option
              value=""
            >
              Selecione
            </option>
            <option
              value="M"
            >
              Masculino
            </option>
            <option
              value="F"
            >
              Feminino
            </option>
          </select>
        </div>
      </div>
      <button
        class="sc-iqcoie ehrxCs"
        type="submit"
        width="200px"
      >
        Cadastrar
      </button>
    </form>
  </div>
</div>
`;
